npm WARN exec The following package was not found and will be installed: next@15.5.6
⚠ No build cache found. Please configure build caching for faster rebuilds. Read more: https://nextjs.org/docs/messages/no-cache
Attention: Next.js now collects completely anonymous telemetry regarding usage.
This information is used to shape Next.js' roadmap and prioritize features.
You can learn more, including how to opt-out if you'd not like to participate in this anonymous program, by visiting the following URL:
https://nextjs.org/telemetry

   ▲ Next.js 15.5.6

   Creating an optimized production build ...
Failed to compile.

app/layout.tsx
An error occurred in `next/font`.

Error: Cannot find module 'tailwindcss'
Require stack:
- /home/minimax/.npm/_npx/8b377f6eec906bc4/node_modules/next/dist/build/webpack/config/blocks/css/plugins.js
- /home/minimax/.npm/_npx/8b377f6eec906bc4/node_modules/next/dist/build/webpack/config/blocks/css/index.js
- /home/minimax/.npm/_npx/8b377f6eec906bc4/node_modules/next/dist/build/webpack/config/index.js
- /home/minimax/.npm/_npx/8b377f6eec906bc4/node_modules/next/dist/build/webpack-config.js
- /home/minimax/.npm/_npx/8b377f6eec906bc4/node_modules/next/dist/build/webpack-build/impl.js
- /home/minimax/.npm/_npx/8b377f6eec906bc4/node_modules/next/dist/compiled/jest-worker/processChild.js
    at Module._resolveFilename (node:internal/modules/cjs/loader:1134:15)
    at /home/minimax/.npm/_npx/8b377f6eec906bc4/node_modules/next/dist/server/require-hook.js:57:36
    at Function.resolve (node:internal/modules/helpers:188:19)
    at loadPlugin (/home/minimax/.npm/_npx/8b377f6eec906bc4/node_modules/next/dist/build/webpack/config/blocks/css/plugins.js:53:32)
    at /home/minimax/.npm/_npx/8b377f6eec906bc4/node_modules/next/dist/build/webpack/config/blocks/css/plugins.js:185:56
    at Array.map (<anonymous>)
    at getPostCssPlugins (/home/minimax/.npm/_npx/8b377f6eec906bc4/node_modules/next/dist/build/webpack/config/blocks/css/plugins.js:185:47)
    at async /home/minimax/.npm/_npx/8b377f6eec906bc4/node_modules/next/dist/build/webpack/config/blocks/css/index.js:125:36
    at async /home/minimax/.npm/_npx/8b377f6eec906bc4/node_modules/next/dist/build/webpack/loaders/next-font-loader/index.js:94:33
    at async Span.traceAsyncFn (/home/minimax/.npm/_npx/8b377f6eec906bc4/node_modules/next/dist/trace/trace.js:157:20)

./app/contact/page.tsx
Module not found: Can't resolve '@/components/Breadcrumbs'

https://nextjs.org/docs/messages/module-not-found

./app/contact/page.tsx
Module not found: Can't resolve '@/data/business'

https://nextjs.org/docs/messages/module-not-found

./app/contact/page.tsx
Module not found: Can't resolve '@/data/gbp.json'

https://nextjs.org/docs/messages/module-not-found

./app/layout.tsx
Module not found: Can't resolve '@/components/Layout'

https://nextjs.org/docs/messages/module-not-found


> Build failed because of webpack errors
